// Jest Snapshot v1, https://goo.gl/fbAQLP

exports[`renders the home component correctly 1`] = `
<div>
  <div
    class="main"
  >
    <h1>
      this is homepage
    </h1>
    <p>
      The home page
    </p>
    <p>
      This is Weather Website
    </p>
    <img
      alt="tree frog"
      height="100%"
      src="bg.jpg"
      width="100%"
    />
  </div>
</div>
`;
